 APPLIED;ACTION=set_parameter;PARM_ID=LITDEMCUEOM;VALUE=45 
 APPLIED;ACTION=set_parameter;PARM_ID=FLVIVPWIBCB;VALUE=33 
 APPLIED;ACTION=set_parameter;PARM_ID=VSUHQZXCZDY;VALUE=10 
 APPLIED;ACTION=set_parameter;PARM_ID=UEOGPTMVGBO;VALUE=10 
 APPLIED;ACTION=set_parameter;PARM_ID=XMFWPXCAQCU;VALUE=10 
 APPLIED;ACTION=set_parameter;PARM_ID=CHGRNYBORXF;VALUE=10 
 APPLIED;ACTION=set_parameter;PARM_ID=YKKNKAIOVGT;VALUE=10 
 APPLIED;ACTION=set_parameter;PARM_ID=SHDYCYAUYBJ;VALUE=10 
 APPLIED;ACTION=set_parameter;PARM_ID=HRVYNUONBFA;VALUE=49 
 APPLIED;ACTION=set_parameter;PARM_ID=DYKNEMDFWWW;VALUE=10 
 APPLIED;ACTION=set_parameter;PARM_ID=ADCNCIOUBRW;VALUE=10 
 APPLIED;ACTION=set_parameter;PARM_ID=CDXEBSJTQRX;VALUE=49 
 APPLIED;ACTION=set_parameter;PARM_ID=DNGCZTAKYNT;VALUE=10 
 APPLIED;ACTION=set_parameter;PARM_ID=BNANYKIPSFM;VALUE=10 
 APPLIED;ACTION=set_parameter;PARM_ID=TKJJRXMWUAN;VALUE=49 
 APPLIED;ACTION=set_parameter;PARM_ID=WKKBRXZNLQR;VALUE=10 
 APPLIED;ACTION=set_parameter;PARM_ID=VDJHPLJVKCC;VALUE=10 
 APPLIED;ACTION=set_parameter;PARM_ID=EKTSKFCWMYQ;VALUE=49 
 APPLIED;ACTION=set_parameter;PARM_ID=HXIMOCUXCMA;VALUE=10 
 APPLIED;ACTION=set_parameter;PARM_ID=IQUSKOQGJNK;VALUE=10 
 APPLIED;ACTION=set_parameter;PARM_ID=UULMKRKMENR;VALUE=45 
 APPLIED;ACTION=set_parameter;PARM_ID=JMWCLCIKFBK;VALUE=33 
 APPLIED;ACTION=set_parameter;PARM_ID=ASKERUAWCEQ;VALUE=10 
 APPLIED;ACTION=set_parameter;PARM_ID=DTEQPPKQPMS;VALUE=10 
 APPLIED;ACTION=set_parameter;PARM_ID=WFHKMOCFYXV;VALUE=10 
 APPLIED;ACTION=set_parameter;PARM_ID=BBKDQURVCST;VALUE=10 
 APPLIED;ACTION=set_parameter;PARM_ID=SPXSWNYSQMH;VALUE=10 
 APPLIED;ACTION=set_parameter;PARM_ID=ZGMKTGEKFXY;VALUE=10 
 APPLIED;ACTION=clear_empty_thick_set;SET=6 
 REPAIRMACH_APPLY_OK=1 
