 APPLIED;ACTION=set_parameter;PARM_ID=YNPSBVWPRFX;VALUE=61 
 APPLIED;ACTION=set_parameter;PARM_ID=WUAQPELLBLJ;VALUE=41 
 APPLIED;ACTION=set_parameter;PARM_ID=YQLFJUUHRGV;VALUE=14 
 APPLIED;ACTION=set_parameter;PARM_ID=SJOBVUUMORK;VALUE=14 
 APPLIED;ACTION=set_parameter;PARM_ID=RZKXJQYCHGN;VALUE=14 
 APPLIED;ACTION=set_parameter;PARM_ID=EWOOMAXNPVK;VALUE=14 
 APPLIED;ACTION=set_parameter;PARM_ID=HUMTIUAVVIS;VALUE=14 
 APPLIED;ACTION=set_parameter;PARM_ID=UAWLONTMZRN;VALUE=14 
 APPLIED;ACTION=set_parameter;PARM_ID=LURUSCHJYPI;VALUE=14 
 APPLIED;ACTION=set_parameter;PARM_ID=SXNTMIECANN;VALUE=61 
 APPLIED;ACTION=set_parameter;PARM_ID=XAHRCJRSWNE;VALUE=41 
 APPLIED;ACTION=set_parameter;PARM_ID=TXQBABMINST;VALUE=14 
 APPLIED;ACTION=set_parameter;PARM_ID=JVGHVOEYATQ;VALUE=14 
 APPLIED;ACTION=set_parameter;PARM_ID=HYDZJTPKMTE;VALUE=14 
 APPLIED;ACTION=set_parameter;PARM_ID=ETDKESPAJCM;VALUE=14 
 APPLIED;ACTION=set_parameter;PARM_ID=GODCBTNWLIO;VALUE=14 
 APPLIED;ACTION=set_parameter;PARM_ID=AKYJLAHYOLK;VALUE=14 
 APPLIED;ACTION=set_parameter;PARM_ID=TREGZWUVSHB;VALUE=14 
 APPLIED;ACTION=set_parameter;PARM_ID=XPTTJVKHMLU;VALUE=20 
 APPLIED;ACTION=set_parameter;PARM_ID=ZRCZJLXGNHS;VALUE=65 
 APPLIED;ACTION=set_parameter;PARM_ID=IXRGQBSBQCJ;VALUE=14 
 APPLIED;ACTION=set_parameter;PARM_ID=RYFECTATTFF;VALUE=14 
 APPLIED;ACTION=set_parameter;PARM_ID=QYEIHWNTRXW;VALUE=20 
 APPLIED;ACTION=set_parameter;PARM_ID=ERBETLHLMEB;VALUE=65 
 APPLIED;ACTION=set_parameter;PARM_ID=XNWMMHJZTKQ;VALUE=14 
 APPLIED;ACTION=set_parameter;PARM_ID=IAKVGNJYLWJ;VALUE=14 
 APPLIED;ACTION=set_parameter;PARM_ID=XHTBVKWCCRP;VALUE=20 
 APPLIED;ACTION=set_parameter;PARM_ID=VZYUTTBSNAZ;VALUE=65 
 APPLIED;ACTION=set_parameter;PARM_ID=BTEUVCQTLVK;VALUE=14 
 APPLIED;ACTION=set_parameter;PARM_ID=ZARILEGUEZA;VALUE=14 
 APPLIED;ACTION=set_parameter;PARM_ID=NSFMDJAGSPX;VALUE=14 
 APPLIED;ACTION=clear_empty_thick_set;SET=6 
 REPAIRMACH_APPLY_OK=1 
