 APPLIED;ACTION=set_parameter;PARM_ID=QAEYLJZEHXT;VALUE=93 
 APPLIED;ACTION=set_parameter;PARM_ID=IGLXTQWRCJD;VALUE=57 
 APPLIED;ACTION=set_parameter;PARM_ID=BVYXSICZBBT;VALUE=22 
 APPLIED;ACTION=set_parameter;PARM_ID=GHTEAADYJMI;VALUE=22 
 APPLIED;ACTION=set_parameter;PARM_ID=LTQJGTKSKJB;VALUE=22 
 APPLIED;ACTION=set_parameter;PARM_ID=UQXICSHNCMH;VALUE=22 
 APPLIED;ACTION=set_parameter;PARM_ID=MEUZJVNDMRC;VALUE=22 
 APPLIED;ACTION=set_parameter;PARM_ID=YQFAZYTDEEX;VALUE=28 
 APPLIED;ACTION=set_parameter;PARM_ID=NYPUQSWICQH;VALUE=97 
 APPLIED;ACTION=set_parameter;PARM_ID=WCEVLKHEGQK;VALUE=22 
 APPLIED;ACTION=set_parameter;PARM_ID=YBZFBNOSBHS;VALUE=22 
 APPLIED;ACTION=set_parameter;PARM_ID=GZRZAWHHMCJ;VALUE=28 
 APPLIED;ACTION=set_parameter;PARM_ID=KXUVIDFKEQK;VALUE=97 
 APPLIED;ACTION=set_parameter;PARM_ID=QKUKYVLIUSL;VALUE=22 
 APPLIED;ACTION=set_parameter;PARM_ID=OMIDEJUPRFZ;VALUE=22 
 APPLIED;ACTION=set_parameter;PARM_ID=XSIJVOIINEO;VALUE=28 
 APPLIED;ACTION=set_parameter;PARM_ID=UJDKIZPHGXM;VALUE=97 
 APPLIED;ACTION=set_parameter;PARM_ID=DUPTSXTWAOI;VALUE=22 
 APPLIED;ACTION=set_parameter;PARM_ID=YQQFKTRMEWA;VALUE=22 
 APPLIED;ACTION=set_parameter;PARM_ID=CODFASFGXRA;VALUE=28 
 APPLIED;ACTION=set_parameter;PARM_ID=LSYDBTYAHJZ;VALUE=97 
 APPLIED;ACTION=set_parameter;PARM_ID=LVQIUBNDWZJ;VALUE=22 
 APPLIED;ACTION=set_parameter;PARM_ID=JGNFMBRRDHA;VALUE=22 
 REPAIRMACH_APPLY_OK=1 
