 Please specify an input file:
            /
           /
          /
         /          ____
        /          /   /
       /     MachLine (c) 2023 USU Aerolab
      /          /   /    v4.0
     / _________/___/_______________
    ( (__________________________
     \          \   \
      \          \   \
       \          \   \
        \          \___\
         \

 Got input file: day_insert_half_inputs/day_half_M1p20_Ap0_ise.json                                                  

 Reading and analyzing surface mesh
     User has selected linear-doublet-constant-source panels.
     Reading surface mesh in from file mesh/MiG25_MeshFix02_coarse8_day_half_inserts_M1p2_Apm1.tri... Done.
     Surface mesh has    4578 vertices and    8710 panels.
     Mesh set to mirror about xz plane.
     Locating adjacent panels...Done. Found   13288 edges.
     Calculating vertex geometric parameters... Done.

 Initializing based on flow properties
     Initializing flow-dependent panel properties... Done. Found       0 superinclined panels.
     Characterizing edges...Done. Found   0 wake-shedding edges.
     Setting up panel singularity distributions... Done.
     Placing control points using a local offset ratio of 1.0000E-04...Done. Placed  4578 control points.
     Calculating domains of dependence... Done.
     Permuting linear system for efficient solution... Done.

 Running solver using the dirichlet-morino boundary-condition formulation
     Calculating source strengths... Done.
     Calculating body influences... Done.
     Solving linear system (method: FQRUP)... Done.
         Maximum residual:   34208279569.913097     
         Norm of residual:   43720661855.090324     
         Lower bandwidth of A matrix:         358
     Calculating surface velocities... Done.
     Calculating outer surface potentials... Done.
     Calculating surface pressures... Done.
         Maximum isentropic pressure coefficient:   1.4075314714367910     
         Minimum isentropic pressure coefficient: -0.99206349206349209     
         Maximum second-order pressure coefficient:   1.4136560079928946     
         Minimum second-order pressure coefficient: -0.99204093929853387     
         Maximum slender-body pressure coefficient:   1.4136112268073679     
         Minimum slender-body pressure coefficient: -0.99206349206349209     
         Maximum linear pressure coefficient:   1.4136560079928946     
         Minimum linear pressure coefficient: -0.99206349206349209     
         Vacuum pressure coefficient: -0.99206349206349209     
     Calculating forces using the isentropic pressure rule... Done.
         Cx:   3.6401559686724330E-002
         Cy:   0.0000000000000000     
         Cz:  -3.6410318075844481E-002
     Calculating moments... Done.
         CMx:   0.0000000000000000     
         CMy:   1193.6316014909842     
         CMz:   0.0000000000000000     

 Writing results to file
                     Surface: day_insert_half_vtk/day_half_M1p20_Ap0_ise_body.vtk
                      Report: day_insert_half_reports/day_half_M1p20_Ap0_ise_report.json

 MachLine exited successfully. Execution time:    82.9060 s

