 APPLIED;ACTION=set_parameter;PARM_ID=QAEYLJZEHXT;VALUE=61 
 APPLIED;ACTION=set_parameter;PARM_ID=IGLXTQWRCJD;VALUE=41 
 APPLIED;ACTION=set_parameter;PARM_ID=BVYXSICZBBT;VALUE=14 
 APPLIED;ACTION=set_parameter;PARM_ID=GHTEAADYJMI;VALUE=14 
 APPLIED;ACTION=set_parameter;PARM_ID=LTQJGTKSKJB;VALUE=14 
 APPLIED;ACTION=set_parameter;PARM_ID=UQXICSHNCMH;VALUE=14 
 APPLIED;ACTION=set_parameter;PARM_ID=MEUZJVNDMRC;VALUE=14 
 APPLIED;ACTION=set_parameter;PARM_ID=YQFAZYTDEEX;VALUE=20 
 APPLIED;ACTION=set_parameter;PARM_ID=NYPUQSWICQH;VALUE=65 
 APPLIED;ACTION=set_parameter;PARM_ID=WCEVLKHEGQK;VALUE=14 
 APPLIED;ACTION=set_parameter;PARM_ID=YBZFBNOSBHS;VALUE=14 
 APPLIED;ACTION=set_parameter;PARM_ID=GZRZAWHHMCJ;VALUE=20 
 APPLIED;ACTION=set_parameter;PARM_ID=XSIJVOIINEO;VALUE=20 
 APPLIED;ACTION=set_parameter;PARM_ID=UJDKIZPHGXM;VALUE=65 
 APPLIED;ACTION=set_parameter;PARM_ID=DUPTSXTWAOI;VALUE=14 
 APPLIED;ACTION=set_parameter;PARM_ID=YQQFKTRMEWA;VALUE=14 
 APPLIED;ACTION=set_parameter;PARM_ID=CODFASFGXRA;VALUE=20 
 APPLIED;ACTION=set_parameter;PARM_ID=LSYDBTYAHJZ;VALUE=65 
 APPLIED;ACTION=set_parameter;PARM_ID=LVQIUBNDWZJ;VALUE=14 
 APPLIED;ACTION=set_parameter;PARM_ID=JGNFMBRRDHA;VALUE=14 
 REPAIRMACH_APPLY_OK=1 
