 APPLIED;ACTION=set_parameter;PARM_ID=QAEYLJZEHXT;VALUE=45 
 APPLIED;ACTION=set_parameter;PARM_ID=IGLXTQWRCJD;VALUE=33 
 APPLIED;ACTION=set_parameter;PARM_ID=BVYXSICZBBT;VALUE=10 
 APPLIED;ACTION=set_parameter;PARM_ID=GHTEAADYJMI;VALUE=10 
 APPLIED;ACTION=set_parameter;PARM_ID=LTQJGTKSKJB;VALUE=10 
 APPLIED;ACTION=set_parameter;PARM_ID=UQXICSHNCMH;VALUE=10 
 APPLIED;ACTION=set_parameter;PARM_ID=MEUZJVNDMRC;VALUE=10 
 APPLIED;ACTION=set_parameter;PARM_ID=NYPUQSWICQH;VALUE=49 
 APPLIED;ACTION=set_parameter;PARM_ID=WCEVLKHEGQK;VALUE=10 
 APPLIED;ACTION=set_parameter;PARM_ID=YBZFBNOSBHS;VALUE=10 
 APPLIED;ACTION=set_parameter;PARM_ID=KXUVIDFKEQK;VALUE=49 
 APPLIED;ACTION=set_parameter;PARM_ID=QKUKYVLIUSL;VALUE=10 
 APPLIED;ACTION=set_parameter;PARM_ID=OMIDEJUPRFZ;VALUE=10 
 APPLIED;ACTION=set_parameter;PARM_ID=UJDKIZPHGXM;VALUE=49 
 APPLIED;ACTION=set_parameter;PARM_ID=DUPTSXTWAOI;VALUE=10 
 APPLIED;ACTION=set_parameter;PARM_ID=YQQFKTRMEWA;VALUE=10 
 APPLIED;ACTION=set_parameter;PARM_ID=LSYDBTYAHJZ;VALUE=49 
 APPLIED;ACTION=set_parameter;PARM_ID=LVQIUBNDWZJ;VALUE=10 
 APPLIED;ACTION=set_parameter;PARM_ID=JGNFMBRRDHA;VALUE=10 
 REPAIRMACH_APPLY_OK=1 
