 Please specify an input file:
            /
           /
          /
         /          ____
        /          /   /
       /     MachLine (c) 2023 USU Aerolab
      /          /   /    v4.0
     / _________/___/_______________
    ( (__________________________
     \          \   \
      \          \   \
       \          \   \
        \          \___\
         \

 Got input file: inputs/meshfix02_M1p20_Ap2p0_ise.json                                                               

 Reading and analyzing surface mesh
     User has selected linear-doublet-constant-source panels.
     Reading surface mesh in from file mesh/MiG25_MeshFix02_coarse5_open_pad010.tri... Done.
     Surface mesh has   11968 vertices and   23703 panels.
     Locating adjacent panels...Done. Found   35672 edges.
     Calculating vertex geometric parameters... Done.

 Initializing based on flow properties
     Initializing flow-dependent panel properties... Done. Found       0 superinclined panels.
     Characterizing edges...Done. Found   0 wake-shedding edges.
     Setting up panel singularity distributions... Done.
     Placing control points using a local offset ratio of 1.0000E-04...Done. Placed 11968 control points.
     Calculating domains of dependence... Done.
     Permuting linear system for efficient solution... Done.

 Running solver using the dirichlet-morino boundary-condition formulation
     Calculating source strengths... Done.
     Calculating body influences... Done.
     Solving linear system (method: FQRUP)... Done.
         Maximum residual:   8.5474860014089672E+024
         Norm of residual:   2.0010819023423584E+025
         Lower bandwidth of A matrix:         862
     Calculating surface velocities... Done.
     Calculating outer surface potentials... Done.
     Calculating surface pressures... Done.
         Maximum isentropic pressure coefficient:   1.4068149368823601     
         Minimum isentropic pressure coefficient: -0.99206349206349209     
         Maximum second-order pressure coefficient:   1.4136560079928946     
         Minimum second-order pressure coefficient: -0.99155243023375628     
         Maximum slender-body pressure coefficient:   1.4135303102784575     
         Minimum slender-body pressure coefficient: -0.99206349206349209     
         Maximum linear pressure coefficient:   1.4136560079928946     
         Minimum linear pressure coefficient: -0.99206349206349209     
         Vacuum pressure coefficient: -0.99206349206349209     
     Calculating forces using the isentropic pressure rule... Done.
         Cx:   3.0518263770358579E-002
         Cy:  -3.7048418595422806E-003
         Cz:   3.4862953696797788E-002
     Calculating moments... Done.
         CMx:   10.108104042996162     
         CMy:  -850.36701110155695     
         CMz:  -161.20740885997387     

 Writing results to file
                      Report: reports/meshfix02_M1p20_Ap2p0_ise_report.json

 MachLine exited successfully. Execution time:   762.4540 s
