 Please specify an input file:
            /
           /
          /
         /          ____
        /          /   /
       /     MachLine (c) 2023 USU Aerolab
      /          /   /    v4.0
     / _________/___/_______________
    ( (__________________________
     \          \   \
      \          \   \
       \          \   \
        \          \___\
         \

 Got input file: inputs/retry_wakecone_M1p20_A0_sourcefree.json                                                      

 Reading and analyzing surface mesh
     User has selected linear-doublet-constant-source panels.
     Reading surface mesh in from file mesh/MiG25_MeshFix02_coarse8_wakecone_M1p2.tri... Done.
     Surface mesh has    8646 vertices and   17288 panels.
     Locating adjacent panels...Done. Found   25932 edges.
     Calculating vertex geometric parameters... Done.

 Initializing based on flow properties
     Initializing flow-dependent panel properties... Done. Found       0 superinclined panels.
     Characterizing edges...Done. Found   0 wake-shedding edges.
     Setting up panel singularity distributions... Done.
     Placing control points using a local offset ratio of 1.0000E-04...Done. Placed  8646 control points.
     Calculating domains of dependence... Done.
     Permuting linear system for efficient solution... Done.

 Running solver using the dirichlet-source-free boundary-condition formulation
     Calculating body influences... Done.
     Solving linear system (method: FQRUP)... Done.
         Maximum residual:   283126.66052104346     
         Norm of residual:   538393.75764225668     
         Lower bandwidth of A matrix:         697
     Calculating surface velocities... Done.
     Calculating outer surface potentials... Done.
     Calculating surface pressures... Done.
         Maximum isentropic pressure coefficient:   1.4026937861773039     
         Minimum isentropic pressure coefficient: -0.99206349206349209     
         Maximum second-order pressure coefficient:   1.4136560079928946     
         Minimum second-order pressure coefficient: -0.99206348217246387     
         Maximum slender-body pressure coefficient:   1.4123351091433949     
         Minimum slender-body pressure coefficient: -0.99206349206349209     
         Maximum linear pressure coefficient:   1.4136560079928946     
         Minimum linear pressure coefficient: -0.99206349206349209     
         Vacuum pressure coefficient: -0.99206349206349209     
     Calculating forces using the isentropic pressure rule... Done.
         Cx:   8.9245741092941255E-002
         Cy:   1.7469057442381159E-002
         Cz:  -3.4028957112817095E-002
     Calculating moments... Done.
         CMx:  -49.419493562456182     
         CMy:   1104.1288955216983     
         CMz:   687.59869939221801     

 Writing results to file
                     Surface: diagnostics/retry_wakecone_M1p20_A0_sourcefree_body.vtk
                      Report: reports/retry_wakecone_M1p20_A0_sourcefree_report.json

 MachLine exited successfully. Execution time:   196.9530 s
