 Please specify an input file:
            /
           /
          /
         /          ____
        /          /   /
       /     MachLine (c) 2023 USU Aerolab
      /          /   /    v4.0
     / _________/___/_______________
    ( (__________________________
     \          \   \
      \          \   \
       \          \   \
        \          \___\
         \

 Got input file: inputs/retry_coarse8_M1p20_A0.json                                                                  

 Reading and analyzing surface mesh
     User has selected linear-doublet-constant-source panels.
     Reading surface mesh in from file mesh/MiG25_MeshFix02_coarse8_open_gondola_pad020_M1p2.tri... Done.
     Surface mesh has    8644 vertices and   17166 panels.
     Locating adjacent panels...Done. Found   25810 edges.
     Calculating vertex geometric parameters... Done.

 Initializing based on flow properties
     Initializing flow-dependent panel properties... Done. Found       0 superinclined panels.
     Characterizing edges...Done. Found   0 wake-shedding edges.
     Setting up panel singularity distributions... Done.
     Placing control points using a local offset ratio of 1.0000E-04...Done. Placed  8644 control points.
     Calculating domains of dependence... Done.
     Permuting linear system for efficient solution... Done.

 Running solver using the dirichlet-morino boundary-condition formulation
     Calculating source strengths... Done.
     Calculating body influences... Done.
     Solving linear system (method: FQRUP)... Done.
         Maximum residual:   512.01248232180626     
         Norm of residual:   1227.9566819401009     
         Lower bandwidth of A matrix:         697
     Calculating surface velocities... Done.
     Calculating outer surface potentials... Done.
     Calculating surface pressures... Done.
         Maximum isentropic pressure coefficient:   1.4101092747175294     
         Minimum isentropic pressure coefficient: -0.99206349206349209     
         Maximum second-order pressure coefficient:   1.4136560079928946     
         Minimum second-order pressure coefficient: -0.99206348217728024     
         Maximum slender-body pressure coefficient:   1.4122079264184828     
         Minimum slender-body pressure coefficient: -0.99206349206349209     
         Maximum linear pressure coefficient:   1.4136560079928946     
         Minimum linear pressure coefficient: -0.99206349206349209     
         Vacuum pressure coefficient: -0.99206349206349209     
     Calculating forces using the isentropic pressure rule... Done.
         Cx:   2.7440254237899531E-002
         Cy:   7.8809330098148379E-003
         Cz:  -2.3975693843150608E-002
     Calculating moments... Done.
         CMx:  -47.274134264522928     
         CMy:   688.09990342091908     
         CMz:   303.84912012940941     

 Writing results to file
                      Report: reports/retry_coarse8_M1p20_A0_report.json

 MachLine exited successfully. Execution time:   387.3590 s
