 Please specify an input file:
            /
           /
          /
         /          ____
        /          /   /
       /     MachLine (c) 2023 USU Aerolab
      /          /   /    v4.0
     / _________/___/_______________
    ( (__________________________
     \          \   \
      \          \   \
       \          \   \
        \          \___\
         \

 Got input file: inputs/retry_half_M1p20_A0.json                                                                     

 Reading and analyzing surface mesh
     User has selected linear-doublet-constant-source panels.
     Reading surface mesh in from file mesh/MiG25_MeshFix02_coarse8_open_gondola_pad020_M1p2_half_ypos.tri... Done.
     Surface mesh has    4526 vertices and    8594 panels.
     Mesh set to mirror about xz plane.
     Locating adjacent panels...Done. Found   13120 edges.
     Calculating vertex geometric parameters... Done.

 Initializing based on flow properties
     Initializing flow-dependent panel properties... Done. Found       0 superinclined panels.
     Characterizing edges...Done. Found   0 wake-shedding edges.
     Setting up panel singularity distributions... Done.
     Placing control points using a local offset ratio of 1.0000E-04...Done. Placed  4526 control points.
     Calculating domains of dependence... Done.
     Permuting linear system for efficient solution... Done.

 Running solver using the dirichlet-morino boundary-condition formulation
     Calculating source strengths... Done.
     Calculating body influences... Done.
     Solving linear system (method: FQRUP)... Done.
         Maximum residual:   100.16964848509093     
         Norm of residual:   131.72205129691758     
         Lower bandwidth of A matrix:         358
     Calculating surface velocities... Done.
     Calculating outer surface potentials... Done.
     Calculating surface pressures... Done.
         Maximum isentropic pressure coefficient:   1.3863287077661461     
         Minimum isentropic pressure coefficient: -0.99206349206349209     
         Maximum second-order pressure coefficient:   1.4136560079928946     
         Minimum second-order pressure coefficient: -0.98774032510366516     
         Maximum slender-body pressure coefficient:   1.4126714494331920     
         Minimum slender-body pressure coefficient: -0.99206349206349209     
         Maximum linear pressure coefficient:   1.4136560079928946     
         Minimum linear pressure coefficient: -0.99206349206349209     
         Vacuum pressure coefficient: -0.99206349206349209     
     Calculating forces using the isentropic pressure rule... Done.
         Cx:   2.7477780978252171E-002
         Cy:   0.0000000000000000     
         Cz:  -2.8752855791240827E-002
     Calculating moments... Done.
         CMx:   0.0000000000000000     
         CMy:   893.58719466050115     
         CMz:   0.0000000000000000     

 Writing results to file
                      Report: reports/retry_half_M1p20_A0_report.json

 MachLine exited successfully. Execution time:    79.7350 s
