 Please specify an input file:
            /
           /
          /
         /          ____
        /          /   /
       /     MachLine (c) 2023 USU Aerolab
      /          /   /    v4.0
     / _________/___/_______________
    ( (__________________________
     \          \   \
      \          \   \
       \          \   \
        \          \___\
         \

 Got input file: inputs/retry_coarse8_M1p20_A0_dirichlet_gmres.json                                                  

 Reading and analyzing surface mesh
     User has selected linear-doublet-constant-source panels.
     Reading surface mesh in from file mesh/MiG25_MeshFix02_coarse8_open_gondola_pad020_M1p2.tri... Done.
     Surface mesh has    8644 vertices and   17166 panels.
     Locating adjacent panels...Done. Found   25810 edges.
     Calculating vertex geometric parameters... Done.

 Initializing based on flow properties
     Initializing flow-dependent panel properties... Done. Found       0 superinclined panels.
     Characterizing edges...Done. Found   0 wake-shedding edges.
     Setting up panel singularity distributions... Done.
     Placing control points using a local offset ratio of 1.0000E-04...Done. Placed  8644 control points.
     Calculating domains of dependence... Done.
     Permuting linear system for efficient solution... Done.

 Running solver using the dirichlet-morino boundary-condition formulation
     Calculating source strengths... Done.
     Calculating body influences... Done.
     Solving linear system (method: GMRES)... Done.
         Maximum residual:   2.7187248325592911E-003
         Norm of residual:   5.6147675746192780E-003
         Lower bandwidth of A matrix:         697
     Calculating surface velocities... Done.
     Calculating outer surface potentials... Done.
     Calculating surface pressures... Done.
         Maximum isentropic pressure coefficient:   1.3914054645600853     
         Minimum isentropic pressure coefficient: -0.99206349206349209     
         Maximum second-order pressure coefficient:   1.4136560079928946     
         Minimum second-order pressure coefficient: -0.99206152518037638     
         Maximum slender-body pressure coefficient:   1.4122080995522681     
         Minimum slender-body pressure coefficient: -0.99206349206349209     
         Maximum linear pressure coefficient:   1.4136560079928946     
         Minimum linear pressure coefficient: -0.99206349206349209     
         Vacuum pressure coefficient: -0.99206349206349209     
     Calculating forces using the isentropic pressure rule... Done.
         Cx:   2.5928319259103084E-002
         Cy:   9.1766840892816375E-004
         Cz:  -3.2185202838979375E-002
     Calculating moments... Done.
         CMx:   44.167891758669235     
         CMy:   1061.2766424857207     
         CMz:   14.170498578139808     

 Writing results to file
                      Report: reports/retry_coarse8_M1p20_A0_dirichlet_gmres_report.json

 MachLine exited successfully. Execution time:   411.5160 s
