 APPLIED;ACTION=set_parameter;PARM_ID=YNPSBVWPRFX;VALUE=45 
 APPLIED;ACTION=set_parameter;PARM_ID=WUAQPELLBLJ;VALUE=33 
 APPLIED;ACTION=set_parameter;PARM_ID=YQLFJUUHRGV;VALUE=10 
 APPLIED;ACTION=set_parameter;PARM_ID=SJOBVUUMORK;VALUE=10 
 APPLIED;ACTION=set_parameter;PARM_ID=EWOOMAXNPVK;VALUE=10 
 APPLIED;ACTION=set_parameter;PARM_ID=HUMTIUAVVIS;VALUE=10 
 APPLIED;ACTION=set_parameter;PARM_ID=UAWLONTMZRN;VALUE=10 
 APPLIED;ACTION=set_parameter;PARM_ID=SXNTMIECANN;VALUE=45 
 APPLIED;ACTION=set_parameter;PARM_ID=XAHRCJRSWNE;VALUE=33 
 APPLIED;ACTION=set_parameter;PARM_ID=TXQBABMINST;VALUE=10 
 APPLIED;ACTION=set_parameter;PARM_ID=JVGHVOEYATQ;VALUE=10 
 APPLIED;ACTION=set_parameter;PARM_ID=HYDZJTPKMTE;VALUE=10 
 APPLIED;ACTION=set_parameter;PARM_ID=ETDKESPAJCM;VALUE=10 
 APPLIED;ACTION=set_parameter;PARM_ID=GODCBTNWLIO;VALUE=10 
 APPLIED;ACTION=set_parameter;PARM_ID=AKYJLAHYOLK;VALUE=10 
 APPLIED;ACTION=set_parameter;PARM_ID=TREGZWUVSHB;VALUE=10 
 APPLIED;ACTION=set_parameter;PARM_ID=ZRCZJLXGNHS;VALUE=49 
 APPLIED;ACTION=set_parameter;PARM_ID=IXRGQBSBQCJ;VALUE=10 
 APPLIED;ACTION=set_parameter;PARM_ID=YXQEKVHVGJD;VALUE=10 
 APPLIED;ACTION=set_parameter;PARM_ID=RYFECTATTFF;VALUE=10 
 APPLIED;ACTION=set_parameter;PARM_ID=ERBETLHLMEB;VALUE=49 
 APPLIED;ACTION=set_parameter;PARM_ID=XNWMMHJZTKQ;VALUE=10 
 APPLIED;ACTION=set_parameter;PARM_ID=IAKVGNJYLWJ;VALUE=10 
 APPLIED;ACTION=set_parameter;PARM_ID=VZYUTTBSNAZ;VALUE=49 
 APPLIED;ACTION=set_parameter;PARM_ID=BTEUVCQTLVK;VALUE=10 
 APPLIED;ACTION=set_parameter;PARM_ID=ZARILEGUEZA;VALUE=10 
 APPLIED;ACTION=set_parameter;PARM_ID=NSFMDJAGSPX;VALUE=10 
 REPAIRMACH_APPLY_OK=1 
