 Please specify an input file:
            /
           /
          /
         /          ____
        /          /   /
       /     MachLine (c) 2023 USU Aerolab
      /          /   /    v4.0
     / _________/___/_______________
    ( (__________________________
     \          \   \
      \          \   \
       \          \   \
        \          \___\
         \

 Got input file: day_half_variant_inputs/day_half_M1p20_Ap0_morino_direct.json                                       

 Reading and analyzing surface mesh
     User has selected linear-doublet-constant-source panels.
     Reading surface mesh in from file mesh/MiG25_MeshFix02_coarse8_day_half_common_M1p2_Apm1.tri... Done.
     Surface mesh has    4567 vertices and    8688 panels.
     Mesh set to mirror about xz plane.
     Locating adjacent panels...Done. Found   13255 edges.
     Calculating vertex geometric parameters... Done.

 Initializing based on flow properties
     Initializing flow-dependent panel properties... Done. Found       0 superinclined panels.
     Characterizing edges...Done. Found   0 wake-shedding edges.
     Setting up panel singularity distributions... Done.
     Placing control points using a direct offset of 1.0000E-04...Done. Placed  4567 control points.
     Calculating domains of dependence... Done.
     Permuting linear system for efficient solution... Done.

 Running solver using the dirichlet-morino boundary-condition formulation
     Calculating source strengths... Done.
     Calculating body influences... Done.
     Solving linear system (method: FQRUP)... Done.
         Maximum residual:   224.15637618138726     
         Norm of residual:   385.31866420443595     
         Lower bandwidth of A matrix:         358
     Calculating surface velocities... Done.
     Calculating outer surface potentials... Done.
     Calculating surface pressures... Done.
         Maximum isentropic pressure coefficient:   1.3824011773889475     
         Minimum isentropic pressure coefficient: -0.99206349206349209     
         Maximum second-order pressure coefficient:   1.4136560079928946     
         Minimum second-order pressure coefficient: -0.98407717266060257     
         Maximum slender-body pressure coefficient:   1.4126705966977180     
         Minimum slender-body pressure coefficient: -0.99206349206349209     
         Maximum linear pressure coefficient:   1.4136560079928946     
         Minimum linear pressure coefficient: -0.99206349206349209     
         Vacuum pressure coefficient: -0.99206349206349209     
     Calculating forces using the isentropic pressure rule... Done.
         Cx:   3.3344865733772697E-002
         Cy:   0.0000000000000000     
         Cz:  -5.7497393821223687E-003
     Calculating moments... Done.
         CMx:   0.0000000000000000     
         CMy:  -78.509428744015977     
         CMz:   0.0000000000000000     

 Writing results to file
                     Surface: day_half_variant_vtk/day_half_M1p20_Ap0_morino_direct_body.vtk
                      Report: day_half_variant_reports/day_half_M1p20_Ap0_morino_direct_report.json

 MachLine exited successfully. Execution time:    82.1710 s

