 Please specify an input file:
            /
           /
          /
         /          ____
        /          /   /
       /     MachLine (c) 2023 USU Aerolab
      /          /   /    v4.0
     / _________/___/_______________
    ( (__________________________
     \          \   \
      \          \   \
       \          \   \
        \          \___\
         \

 Got input file: day_inputs/day_M1p20_Ap0_ise.json                                                                   

 Reading and analyzing surface mesh
     User has selected linear-doublet-constant-source panels.
     Reading surface mesh in from file mesh/MiG25_MeshFix02_coarse8_day_common_M1p2_Apm1.tri... Done.
     Surface mesh has    8724 vertices and   17343 panels.
     Locating adjacent panels...Done. Found   26067 edges.
     Calculating vertex geometric parameters... Done.

 Initializing based on flow properties
     Initializing flow-dependent panel properties... Done. Found       0 superinclined panels.
     Characterizing edges...Done. Found   0 wake-shedding edges.
     Setting up panel singularity distributions... Done.
     Placing control points using a local offset ratio of 1.0000E-04...Done. Placed  8724 control points.
     Calculating domains of dependence... Done.
     Permuting linear system for efficient solution... Done.

 Running solver using the dirichlet-morino boundary-condition formulation
     Calculating source strengths... Done.
     Calculating body influences... Done.
     Solving linear system (method: FQRUP)... Done.
         Maximum residual:   13510798908842950.     
         Norm of residual:   13629298360681088.     
         Lower bandwidth of A matrix:         697
     Calculating surface velocities... Done.
     Calculating outer surface potentials... Done.
     Calculating surface pressures... Done.
         Maximum isentropic pressure coefficient:   1.3914124034459774     
         Minimum isentropic pressure coefficient: -0.99206349206349209     
         Maximum second-order pressure coefficient:   1.4136560079928946     
         Minimum second-order pressure coefficient: -0.99206348217728024     
         Maximum slender-body pressure coefficient:   1.4122079264184828     
         Minimum slender-body pressure coefficient: -0.99206349206349209     
         Maximum linear pressure coefficient:   1.4136560079928946     
         Minimum linear pressure coefficient: -0.99206349206349209     
         Vacuum pressure coefficient: -0.99206349206349209     
     Calculating forces using the isentropic pressure rule... Done.
         Cx:   3.3737690666200595E-002
         Cy:   2.2509830797407430E-002
         Cz:  -1.5284658450595177E-002
     Calculating moments... Done.
         CMx:  -62.468803147193292     
         CMy:   326.24297539379847     
         CMz:   888.37115248593796     

 Writing results to file
                     Surface: day_vtk/day_M1p20_Ap0_ise_body.vtk
                      Report: day_reports/day_M1p20_Ap0_ise_report.json

 MachLine exited successfully. Execution time:   197.6720 s

