 APPLIED;ACTION=set_parameter;PARM_ID=LITDEMCUEOM;VALUE=61 
 APPLIED;ACTION=set_parameter;PARM_ID=FLVIVPWIBCB;VALUE=41 
 APPLIED;ACTION=set_parameter;PARM_ID=VSUHQZXCZDY;VALUE=14 
 APPLIED;ACTION=set_parameter;PARM_ID=UEOGPTMVGBO;VALUE=14 
 APPLIED;ACTION=set_parameter;PARM_ID=XMFWPXCAQCU;VALUE=14 
 APPLIED;ACTION=set_parameter;PARM_ID=YKKNKAIOVGT;VALUE=14 
 APPLIED;ACTION=set_parameter;PARM_ID=SHDYCYAUYBJ;VALUE=14 
 APPLIED;ACTION=set_parameter;PARM_ID=NIOOMOTMBTN;VALUE=20 
 APPLIED;ACTION=set_parameter;PARM_ID=HRVYNUONBFA;VALUE=65 
 APPLIED;ACTION=set_parameter;PARM_ID=DYKNEMDFWWW;VALUE=14 
 APPLIED;ACTION=set_parameter;PARM_ID=ADCNCIOUBRW;VALUE=14 
 APPLIED;ACTION=set_parameter;PARM_ID=DIPNOJEKNIE;VALUE=20 
 APPLIED;ACTION=set_parameter;PARM_ID=CDXEBSJTQRX;VALUE=65 
 APPLIED;ACTION=set_parameter;PARM_ID=DNGCZTAKYNT;VALUE=14 
 APPLIED;ACTION=set_parameter;PARM_ID=BNANYKIPSFM;VALUE=14 
 APPLIED;ACTION=set_parameter;PARM_ID=DNHKNNVVZLE;VALUE=20 
 APPLIED;ACTION=set_parameter;PARM_ID=TKJJRXMWUAN;VALUE=65 
 APPLIED;ACTION=set_parameter;PARM_ID=WKKBRXZNLQR;VALUE=14 
 APPLIED;ACTION=set_parameter;PARM_ID=VDJHPLJVKCC;VALUE=14 
 APPLIED;ACTION=set_parameter;PARM_ID=LDDZJTEJUVZ;VALUE=20 
 APPLIED;ACTION=set_parameter;PARM_ID=EKTSKFCWMYQ;VALUE=65 
 APPLIED;ACTION=set_parameter;PARM_ID=HXIMOCUXCMA;VALUE=14 
 APPLIED;ACTION=set_parameter;PARM_ID=IQUSKOQGJNK;VALUE=14 
 APPLIED;ACTION=set_parameter;PARM_ID=UULMKRKMENR;VALUE=61 
 APPLIED;ACTION=set_parameter;PARM_ID=JMWCLCIKFBK;VALUE=41 
 APPLIED;ACTION=set_parameter;PARM_ID=ASKERUAWCEQ;VALUE=14 
 APPLIED;ACTION=set_parameter;PARM_ID=DTEQPPKQPMS;VALUE=14 
 APPLIED;ACTION=set_parameter;PARM_ID=WFHKMOCFYXV;VALUE=14 
 APPLIED;ACTION=set_parameter;PARM_ID=BBKDQURVCST;VALUE=14 
 APPLIED;ACTION=set_parameter;PARM_ID=SPXSWNYSQMH;VALUE=14 
 APPLIED;ACTION=set_parameter;PARM_ID=ZGMKTGEKFXY;VALUE=14 
 REPAIRMACH_APPLY_OK=1 
